You really left her hanging this morning - Monika
I open the door gently
Segfault in C programming = happy valgrind